2026-06-06 14:29:33,459 - INFO - Selection skript boshlandi
2026-06-06 14:29:33,534 - INFO - SelectKBest boshlandi — top 10 feature
2026-06-06 14:29:33,539 - ERROR - SelectKBest xatolik: Input X contains infinity or a value too large for dtype('float64').
2026-06-06 14:29:33,542 - INFO - Feature Importance boshlandi
2026-06-06 14:29:33,562 - ERROR - Feature Importance xatolik: Input X contains infinity or a value too large for dtype('float32').
2026-06-06 14:29:33,563 - INFO - Korrelyatsiya tekshiruvi boshlandi — threshold: 0.95
2026-06-06 14:29:33,584 - INFO - O'chirilgan ustunlar: ['High', 'Low', 'MA_7', 'MA_14', 'MA_30', 'OC_Diff']
2026-06-06 14:29:33,584 - INFO - Selection skript tugadi
2026-06-06 14:34:12,861 - INFO - Selection skript boshlandi
2026-06-06 14:34:12,961 - INFO - SelectKBest boshlandi — top 10 feature
2026-06-06 14:34:12,978 - ERROR - SelectKBest xatolik: Input X contains infinity or a value too large for dtype('float64').
2026-06-06 14:34:12,980 - INFO - Feature Importance boshlandi
2026-06-06 14:34:12,991 - ERROR - Feature Importance xatolik: Input X contains infinity or a value too large for dtype('float32').
2026-06-06 14:34:12,993 - INFO - Korrelyatsiya tekshiruvi boshlandi — threshold: 0.95
2026-06-06 14:34:13,016 - INFO - O'chirilgan ustunlar: ['High', 'Low', 'MA_7', 'MA_14', 'MA_30', 'OC_Diff']
2026-06-06 14:34:13,021 - INFO - Selection skript tugadi
2026-06-06 14:35:44,059 - INFO - Selection skript boshlandi
2026-06-06 14:35:44,125 - INFO - SelectKBest boshlandi — top 10 feature
2026-06-06 14:35:44,131 - ERROR - SelectKBest xatolik: Input X contains infinity or a value too large for dtype('float64').
2026-06-06 14:35:44,131 - INFO - Feature Importance boshlandi
2026-06-06 14:35:44,136 - ERROR - Feature Importance xatolik: Input X contains infinity or a value too large for dtype('float32').
2026-06-06 14:35:44,139 - INFO - Korrelyatsiya tekshiruvi boshlandi — threshold: 0.95
2026-06-06 14:35:44,151 - INFO - O'chirilgan ustunlar: ['High', 'Low', 'MA_7', 'MA_14', 'MA_30', 'OC_Diff']
2026-06-06 14:35:44,152 - INFO - Selection skript tugadi
2026-06-06 14:36:49,476 - INFO - Selection skript boshlandi
2026-06-06 14:36:49,524 - INFO - Korrelyatsiya tekshiruvi boshlandi — threshold: 0.95
2026-06-06 14:36:49,539 - INFO - O'chirilgan ustunlar: ['High', 'Low', 'MA_7', 'MA_14', 'MA_30', 'OC_Diff']
2026-06-06 14:36:49,540 - INFO - Feature Importance boshlandi
2026-06-06 14:36:49,544 - ERROR - Feature Importance xatolik: Input X contains infinity or a value too large for dtype('float32').
2026-06-06 14:36:49,544 - INFO - Selection skript tugadi
2026-06-06 14:37:47,036 - INFO - Selection skript boshlandi
2026-06-06 14:37:47,084 - INFO - Korrelyatsiya tekshiruvi boshlandi
2026-06-06 14:37:47,115 - INFO - O'chirilgan ustunlar: ['High', 'Low', 'MA_7', 'MA_14', 'MA_30', 'OC_Diff']
2026-06-06 14:37:47,115 - INFO - Feature Importance boshlandi
2026-06-06 14:37:47,128 - ERROR - Feature Importance xatolik: Input X contains infinity or a value too large for dtype('float32').
2026-06-06 14:37:47,131 - INFO - Selection skript tugadi
2026-06-06 14:39:18,096 - INFO - Selection skript boshlandi
2026-06-06 14:39:18,149 - INFO - Korrelyatsiya tekshiruvi boshlandi
2026-06-06 14:39:18,169 - INFO - O'chirilgan ustunlar: ['High', 'Low', 'MA_7', 'MA_14', 'MA_30', 'OC_Diff']
2026-06-06 14:39:18,174 - INFO - Feature Importance boshlandi
2026-06-06 14:39:18,184 - ERROR - Feature Importance xatolik: Input X contains infinity or a value too large for dtype('float32').
2026-06-06 14:39:18,186 - INFO - Selection skript tugadi
2026-06-06 14:42:21,984 - INFO - Selection skript boshlandi
2026-06-06 14:42:22,002 - INFO - Korrelyatsiya tekshiruvi boshlandi
2026-06-06 14:42:22,015 - INFO - O'chirilgan ustunlar: ['High', 'Low', 'MA_7', 'MA_14', 'MA_30', 'OC_Diff']
2026-06-06 14:42:22,016 - INFO - Feature Importance boshlandi
2026-06-06 14:42:22,018 - ERROR - Feature Importance xatolik: Input X contains infinity or a value too large for dtype('float32').
2026-06-06 14:42:22,019 - WARNING - Tanlangan feature topilmadi
2026-06-06 14:42:22,019 - INFO - Selection skript tugadi
2026-06-06 14:44:25,854 - INFO - Selection skript boshlandi
2026-06-06 14:44:25,901 - INFO - Korrelyatsiya tekshiruvi boshlandi
2026-06-06 14:44:25,924 - INFO - O'chirilgan ustunlar: ['High', 'Low', 'MA_7', 'MA_14', 'MA_30', 'OC_Diff']
2026-06-06 14:44:25,926 - INFO - Feature Importance boshlandi
2026-06-06 14:44:25,932 - ERROR - Feature Importance xatolik: Input X contains infinity or a value too large for dtype('float32').
2026-06-06 14:44:25,933 - WARNING - Tanlangan feature topilmadi
2026-06-06 14:44:25,934 - INFO - Selection skript tugadi
2026-06-06 14:47:48,350 - INFO - Selection skript boshlandi
2026-06-06 14:47:48,378 - INFO - Korrelyatsiya tekshiruvi boshlandi
2026-06-06 14:47:48,387 - INFO - O'chirilgan ustunlar: ['High', 'Low', 'MA_7', 'MA_14', 'MA_30', 'OC_Diff']
2026-06-06 14:47:48,388 - INFO - Feature Importance boshlandi
2026-06-06 14:47:48,392 - ERROR - Feature Importance xatolik: Input X contains infinity or a value too large for dtype('float32').
2026-06-06 14:47:48,396 - WARNING - Tanlangan feature topilmadi
2026-06-06 14:47:48,396 - INFO - Selection skript tugadi
2026-06-06 14:52:55,207 - INFO - Selection skript boshlandi
2026-06-06 14:52:55,229 - INFO - Korrelyatsiya tekshiruvi boshlandi
2026-06-06 14:52:55,243 - INFO - O'chirilgan ustunlar: ['High', 'Low', 'MA_7', 'MA_14', 'MA_30', 'OC_Diff']
2026-06-06 14:52:55,243 - INFO - Feature Importance boshlandi
2026-06-06 14:52:55,245 - ERROR - Feature Importance xatolik: Input X contains infinity or a value too large for dtype('float32').
2026-06-06 14:52:55,246 - WARNING - Tanlangan feature topilmadi
2026-06-06 14:52:55,246 - INFO - Selection skript tugadi
2026-06-06 14:54:25,411 - INFO - Selection skript boshlandi
2026-06-06 14:54:25,432 - INFO - Korrelyatsiya tekshiruvi boshlandi
2026-06-06 14:54:25,443 - INFO - O'chirilgan ustunlar: ['High', 'Low', 'MA_7', 'MA_14', 'MA_30', 'OC_Diff']
2026-06-06 14:54:25,444 - INFO - Feature Importance boshlandi
2026-06-06 14:54:25,451 - ERROR - Feature Importance xatolik: Input X contains infinity or a value too large for dtype('float32').
2026-06-06 14:55:37,435 - INFO - Selection skript boshlandi
2026-06-06 14:55:37,474 - INFO - Korrelyatsiya tekshiruvi boshlandi
2026-06-06 14:55:37,491 - INFO - O'chirilgan ustunlar: ['High', 'Low', 'MA_7', 'MA_14', 'MA_30', 'OC_Diff']
2026-06-06 14:55:37,491 - INFO - Feature Importance boshlandi
2026-06-06 14:55:37,500 - ERROR - Feature Importance xatolik: Input X contains infinity or a value too large for dtype('float32').
2026-06-06 14:57:19,028 - INFO - Selection skript boshlandi
2026-06-06 14:57:19,075 - INFO - Korrelyatsiya tekshiruvi boshlandi
2026-06-06 14:57:19,089 - INFO - O'chirilgan ustunlar: ['High', 'Low', 'MA_7', 'MA_14', 'MA_30', 'OC_Diff']
2026-06-06 14:57:19,090 - INFO - Feature Importance boshlandi
2026-06-06 14:57:19,102 - ERROR - Feature Importance xatolik: Input X contains infinity or a value too large for dtype('float32').
2026-06-06 14:57:19,103 - WARNING - Tanlangan feature topilmadi
2026-06-06 14:57:19,103 - INFO - Selection skript tugadi
2026-06-06 15:00:57,724 - INFO - Selection skript boshlandi
2026-06-06 15:00:57,785 - INFO - Korrelyatsiya tekshiruvi boshlandi
2026-06-06 15:00:57,797 - INFO - O'chirilgan ustunlar: ['High', 'Low', 'MA_7', 'MA_14', 'MA_30', 'OC_Diff']
2026-06-06 15:00:57,798 - INFO - Feature Importance boshlandi
2026-06-06 15:00:57,804 - ERROR - Feature Importance xatolik: Input X contains infinity or a value too large for dtype('float32').
2026-06-06 15:00:57,804 - WARNING - Tanlangan feature topilmadi
2026-06-06 15:00:57,805 - INFO - Selection skript tugadi
2026-06-06 15:02:36,316 - INFO - Selection skript boshlandi
2026-06-06 15:02:36,317 - ERROR - Fayl topilmadi: C:\Users\hamid\Desktop\git_project\Data\Engineered_Data\featured_data.csv
2026-06-06 15:02:55,626 - INFO - Selection skript boshlandi
2026-06-06 15:02:55,627 - ERROR - Fayl topilmadi: C:\Users\hamid\Desktop\git_project\Data\Engineered_Data\featured_data.csv
2026-06-06 15:03:12,655 - INFO - Selection skript boshlandi
2026-06-06 15:03:12,693 - INFO - Korrelyatsiya tekshiruvi boshlandi
2026-06-06 15:03:12,704 - INFO - O'chirilgan ustunlar: ['High', 'Low', 'MA_7', 'MA_14', 'MA_30', 'OC_Diff']
2026-06-06 15:03:12,705 - INFO - Feature Importance boshlandi
2026-06-06 15:03:12,710 - ERROR - Feature Importance xatolik: Input X contains infinity or a value too large for dtype('float32').
2026-06-06 15:03:12,710 - WARNING - Tanlangan feature topilmadi
2026-06-06 15:03:12,711 - INFO - Selection skript tugadi
2026-06-06 15:13:45,089 - INFO - Selection skript boshlandi
2026-06-06 15:13:45,133 - INFO - Korrelyatsiya tekshiruvi boshlandi
2026-06-06 15:13:45,141 - INFO - O'chirilgan ustunlar: ['High', 'Low', 'MA_7', 'MA_14', 'MA_30', 'OC_Diff']
2026-06-06 15:13:45,142 - INFO - Feature Importance boshlandi
2026-06-06 15:13:45,148 - ERROR - Feature Importance xatolik: Input X contains infinity or a value too large for dtype('float32').
2026-06-06 15:13:45,149 - WARNING - Tanlangan feature topilmadi
2026-06-06 15:13:45,149 - INFO - Selection skript tugadi
