2026-06-06 14:28:16,849 - INFO - Creation skript boshlandi
2026-06-06 14:28:16,898 - INFO - Feature creation boshlandi
2026-06-06 14:28:16,943 - INFO - Moving Average yaratildi
2026-06-06 14:28:16,969 - INFO - Price Change yaratildi
2026-06-06 14:28:16,971 - INFO - High-Low Spread yaratildi
2026-06-06 14:28:16,985 - INFO - Volatility yaratildi
2026-06-06 14:28:17,017 - INFO - Volume Change yaratildi
2026-06-06 14:28:17,075 - INFO - RSI yaratildi
2026-06-06 14:28:17,079 - INFO - Open-Close farqi yaratildi
2026-06-06 14:28:17,079 - INFO - Feature creation tugadi! Jami ustunlar: 24
2026-06-06 14:28:17,341 - INFO - Fayl saqlandi: c:\Users\hamid\Desktop\git_project\Data\Engineered_Data\featured_data.csv
2026-06-06 14:28:17,432 - INFO - Creation skript tugadi
2026-06-06 14:33:55,323 - INFO - Creation skript boshlandi
2026-06-06 14:33:55,346 - INFO - Feature creation boshlandi
2026-06-06 14:33:55,390 - INFO - Moving Average yaratildi
2026-06-06 14:33:55,424 - INFO - Price Change yaratildi
2026-06-06 14:33:55,424 - INFO - High-Low Spread yaratildi
2026-06-06 14:33:55,447 - INFO - Volatility yaratildi
2026-06-06 14:33:55,469 - INFO - Volume Change yaratildi
2026-06-06 14:33:55,504 - INFO - RSI yaratildi
2026-06-06 14:33:55,507 - INFO - Open-Close farqi yaratildi
2026-06-06 14:33:55,507 - INFO - Feature creation tugadi! Jami ustunlar: 24
2026-06-06 14:33:55,751 - INFO - Fayl saqlandi: c:\Users\hamid\Desktop\git_project\Data\Engineered_Data\featured_data.csv
2026-06-06 14:33:55,855 - INFO - Creation skript tugadi
2026-06-06 14:34:49,422 - INFO - Creation skript boshlandi
2026-06-06 14:34:49,462 - INFO - Feature creation boshlandi
2026-06-06 14:34:49,509 - INFO - Moving Average yaratildi
2026-06-06 14:34:49,544 - INFO - Price Change yaratildi
2026-06-06 14:34:49,551 - INFO - High-Low Spread yaratildi
2026-06-06 14:34:49,584 - INFO - Volatility yaratildi
2026-06-06 14:34:49,627 - INFO - Volume Change yaratildi
2026-06-06 14:34:49,689 - INFO - RSI yaratildi
2026-06-06 14:34:49,696 - INFO - Open-Close farqi yaratildi
2026-06-06 14:34:49,697 - INFO - Feature creation tugadi! Jami ustunlar: 24
2026-06-06 14:34:49,957 - INFO - Fayl saqlandi: c:\Users\hamid\Desktop\git_project\Data\Engineered_Data\featured_data.csv
2026-06-06 14:34:50,040 - INFO - Creation skript tugadi
2026-06-06 15:52:33,101 - INFO - Creation skript boshlandi
2026-06-06 15:52:33,286 - INFO - Feature creation boshlandi
2026-06-06 15:52:33,368 - INFO - Moving Average yaratildi
2026-06-06 15:52:33,394 - INFO - Price Change yaratildi
2026-06-06 15:52:33,395 - INFO - High-Low Spread yaratildi
2026-06-06 15:52:33,417 - INFO - Volatility yaratildi
2026-06-06 15:52:33,437 - INFO - Volume Change yaratildi
2026-06-06 15:52:33,464 - INFO - RSI yaratildi
2026-06-06 15:52:33,464 - INFO - Open-Close farqi yaratildi
2026-06-06 15:52:33,464 - INFO - Feature creation tugadi! Jami ustunlar: 24
2026-06-06 15:52:33,682 - INFO - Fayl saqlandi: c:\Users\hamid\Desktop\git_project\Data\Engineered_Data\featured_data.csv
2026-06-06 15:52:33,779 - INFO - Creation skript tugadi
