2026-06-06 05:37:12,574 - INFO - Preprocessing boshlandi
2026-06-06 05:37:12,583 - INFO - Fayl o'qildi! Qatorlar: 380, Ustunlar: 106
2026-06-06 05:37:12,584 - INFO - Tozalash boshlandi
2026-06-06 05:37:12,592 - INFO - Tozalash tugadi
2026-06-06 05:37:12,592 - INFO - Encoding boshlandi
2026-06-06 05:37:12,598 - INFO - Encoding tugadi
2026-06-06 05:37:12,599 - INFO - Scaling boshlandi
2026-06-06 05:37:12,618 - INFO - Scaling tugadi
2026-06-06 05:37:12,670 - INFO - Fayl saqlandi: c:\Users\hamid\Desktop\git_project\Data\Preprocessed_Data\clean_data.csv
2026-06-06 05:37:12,670 - ERROR - \u274c Xatolik: 'charmap' codec can't encode character '\u2705' in position 19: character maps to <undefined>
2026-06-06 05:43:45,534 - INFO - Preprocessing boshlandi
2026-06-06 05:43:45,548 - INFO - Fayl o'qildi! Qatorlar: 380, Ustunlar: 106
2026-06-06 05:43:45,548 - INFO - Tozalash boshlandi
2026-06-06 05:43:45,559 - INFO - Tozalash tugadi
2026-06-06 05:43:45,560 - INFO - Encoding boshlandi
2026-06-06 05:43:45,563 - INFO - Encoding tugadi
2026-06-06 05:43:45,564 - INFO - Scaling boshlandi
2026-06-06 05:43:45,573 - INFO - Scaling tugadi
2026-06-06 05:43:45,626 - INFO - Fayl saqlandi: c:\Users\hamid\Desktop\git_project\Data\Preprocessed_Data\clean_data.csv
2026-06-06 09:01:56,103 - INFO - Preprocessing boshlandi
2026-06-06 09:01:56,105 - ERROR - Fayl topilmadi: c:\Users\hamid\Desktop\git_project\Data\Raw_Data\Data\Raw_Datall_stocks.csv
2026-06-06 09:04:09,810 - INFO - Preprocessing boshlandi
2026-06-06 09:04:09,820 - INFO - Fayl o'qildi! Qatorlar: 4962, Ustunlar: 10
2026-06-06 09:04:09,820 - INFO - Tozalash boshlandi
2026-06-06 09:04:09,822 - INFO - Tozalash tugadi
2026-06-06 09:04:09,822 - INFO - Encoding boshlandi
2026-06-06 09:04:09,826 - INFO - Encoding tugadi
2026-06-06 09:04:09,826 - INFO - Scaling boshlandi
2026-06-06 09:04:09,830 - INFO - Scaling tugadi
2026-06-06 09:04:09,882 - INFO - Fayl saqlandi: c:\Users\hamid\Desktop\git_project\Data\Preprocessed_Data\clean_data.csv
2026-06-06 09:14:56,160 - INFO - Preprocessing boshlandi
2026-06-06 09:14:56,168 - INFO - Fayl o'qildi! Qatorlar: 3012, Ustunlar: 10
2026-06-06 09:14:56,168 - INFO - Tozalash boshlandi
2026-06-06 09:14:56,170 - INFO - Tozalash tugadi
2026-06-06 09:14:56,170 - INFO - Encoding boshlandi
2026-06-06 09:14:56,172 - INFO - Encoding tugadi
2026-06-06 09:14:56,172 - INFO - Scaling boshlandi
2026-06-06 09:14:56,175 - INFO - Scaling tugadi
2026-06-06 09:14:56,199 - INFO - Fayl saqlandi: c:\Users\hamid\Desktop\git_project\Data\Preprocessed_Data\clean_data.csv
2026-06-06 09:15:56,667 - INFO - Preprocessing boshlandi
2026-06-06 09:15:56,676 - INFO - Fayl o'qildi! Qatorlar: 3012, Ustunlar: 10
2026-06-06 09:15:56,676 - INFO - Tozalash boshlandi
2026-06-06 09:15:56,677 - INFO - Tozalash tugadi
2026-06-06 09:15:56,678 - INFO - Encoding boshlandi
2026-06-06 09:15:56,680 - INFO - Encoding tugadi
2026-06-06 09:15:56,680 - INFO - Scaling boshlandi
2026-06-06 09:15:56,683 - INFO - Scaling tugadi
2026-06-06 09:15:56,708 - INFO - Fayl saqlandi: c:\Users\hamid\Desktop\git_project\Data\Preprocessed_Data\clean_data.csv
2026-06-06 15:52:17,218 - INFO - Preprocessing boshlandi
2026-06-06 15:52:17,256 - INFO - Fayl o'qildi! Qatorlar: 3012, Ustunlar: 10
2026-06-06 15:52:17,257 - INFO - Tozalash boshlandi
2026-06-06 15:52:17,258 - INFO - Tozalash tugadi
2026-06-06 15:52:17,259 - INFO - Encoding boshlandi
2026-06-06 15:52:17,262 - INFO - Encoding tugadi
2026-06-06 15:52:17,263 - INFO - Scaling boshlandi
2026-06-06 15:52:17,273 - INFO - Scaling tugadi
2026-06-06 15:52:17,307 - INFO - Fayl saqlandi: c:\Users\hamid\Desktop\git_project\Data\Preprocessed_Data\clean_data.csv
2026-06-06 19:24:27,065 - INFO - Preprocessing boshlandi
2026-06-06 19:24:27,083 - INFO - Fayl o'qildi! Qatorlar: 3012, Ustunlar: 10
2026-06-06 19:24:27,083 - ERROR - Xatolik: name 'tozala' is not defined
2026-06-06 19:28:57,210 - INFO - Preprocessing boshlandi
2026-06-06 19:28:57,223 - INFO - Fayl o'qildi! Qatorlar: 3012, Ustunlar: 10
2026-06-06 19:28:57,223 - ERROR - Xatolik: name 'tozala' is not defined
2026-06-06 19:40:04,156 - INFO - Preprocessing boshlandi
2026-06-06 19:40:04,164 - INFO - Dataset yuklandi
2026-06-06 19:40:04,164 - INFO - Fayl o'qildi! Qatorlar: 3012, Ustunlar: 10
2026-06-06 19:40:04,164 - INFO - Tozalash boshlandi
2026-06-06 19:40:04,170 - INFO - Tozalash tugadi
2026-06-06 19:40:04,170 - INFO - Encoding boshlandi
2026-06-06 19:40:04,173 - INFO - Encoding tugadi
2026-06-06 19:40:04,173 - INFO - Scaling boshlandi
2026-06-06 19:40:04,184 - INFO - Scaling tugadi
2026-06-06 19:40:04,210 - INFO - Fayl saqlandi: c:\Users\hamid\Desktop\git_project\Data\Preprocessed_Data\clean_data.csv
2026-06-06 20:44:19,169 - INFO - Preprocessing boshlandi
2026-06-06 20:44:19,179 - INFO - Dataset yuklandi
2026-06-06 20:44:19,180 - INFO - Fayl o'qildi! Qatorlar: 3012, Ustunlar: 10
2026-06-06 20:44:19,180 - INFO - Tozalash boshlandi
2026-06-06 20:44:19,181 - INFO - Tozalash tugadi
2026-06-06 20:44:19,182 - INFO - Encoding boshlandi
2026-06-06 20:44:19,185 - INFO - Encoding tugadi
2026-06-06 20:44:19,185 - INFO - Scaling boshlandi
2026-06-06 20:44:19,190 - INFO - Scaling tugadi
2026-06-06 20:44:19,221 - INFO - Fayl saqlandi: c:\Users\hamid\Desktop\git_project\Data\Preprocessed_Data\clean_data.csv
2026-06-06 20:47:32,765 - INFO - Preprocessing boshlandi
2026-06-06 20:47:32,773 - INFO - Dataset yuklandi
2026-06-06 20:47:32,773 - INFO - Fayl o'qildi! Qatorlar: 3012, Ustunlar: 10
2026-06-06 20:47:32,773 - INFO - Tozalash boshlandi
2026-06-06 20:47:32,775 - INFO - Tozalash tugadi
2026-06-06 20:47:32,775 - INFO - Encoding boshlandi
2026-06-06 20:47:32,777 - INFO - Encoding tugadi
2026-06-06 20:47:32,777 - INFO - Scaling boshlandi
2026-06-06 20:47:32,780 - INFO - Scaling tugadi
2026-06-06 20:47:32,808 - INFO - Fayl saqlandi: c:\Users\hamid\Desktop\git_project\Data\Preprocessed_Data\clean_data.csv
2026-06-06 20:49:25,553 - INFO - Dataset yuklandi
